Hello from test job
